
> school-admin@0.0.0 build
> vite build

[36mvite v5.4.21 [32mbuilding for production...[36m[39m
transforming...
[32mΓ£ô[39m 19 modules transformed.
node.exe : [31mx[39m Build failed in 138ms
At C:\nvm4w\nodejs\npm.ps1:16 char:5
+     & "$basedir/node$exe"  
"$basedir/node_modules/npm/bin/npm-cli.js" ...
+     ~~~~~~~~~~~~~~~~~~~~~~~~~~~~~~~~~~~~~~~~~~~~~~~~~~~~~
~~~~~~~~~~~~
    + CategoryInfo          : NotSpecified: ([31mx[39m B 
   uild failed in 138ms:String) [], RemoteException
    + FullyQualifiedErrorId : NativeCommandError
 
[31merror during build:
[31m[vite:esbuild] Transform failed with 1 error:
D:/news g/sana-work/schools-admin - 
Copy/pages/ClassesPage.jsx:11:0: ERROR: Unexpected "}"[31m
file: [36mD:/news g/sana-work/schools-admin - 
Copy/pages/ClassesPage.jsx:11:0[31m
[33m
[33mUnexpected "}"[33m
9  |  
10 |  [];
11 |  }
   |  ^
12 |  
13 |  const ClassesPage= () => {
[31m
    at failureErrorWithLog (D:\news 
g\sana-work\schools-admin - 
Copy\node_modules\esbuild\lib\main.js:1472:15)
    at D:\news g\sana-work\schools-admin - 
Copy\node_modules\esbuild\lib\main.js:755:50
    at responseCallbacks.<computed> (D:\news 
g\sana-work\schools-admin - 
Copy\node_modules\esbuild\lib\main.js:622:9)
    at handleIncomingPacket (D:\news 
g\sana-work\schools-admin - 
Copy\node_modules\esbuild\lib\main.js:677:12)
    at Socket.readFromStdout (D:\news 
g\sana-work\schools-admin - 
Copy\node_modules\esbuild\lib\main.js:600:7)
    at Socket.emit (node:events:507:28)
    at addChunk (node:internal/streams/readable:559:12)
    at readableAddChunkPushByteMode 
(node:internal/streams/readable:510:3)
    at Readable.push (node:internal/streams/readable:390:5)
    at Pipe.onStreamRead 
(node:internal/stream_base_commons:189:23)[39m
